2023-10-07 23:29:06,030 - __main__ - INFO - test the custom logger.
